
> covoyage@0.1.0 dev
> next dev --webpack --hostname 127.0.0.1 --port 3000

▲ Next.js 16.2.6 (webpack)
- Local:         http://127.0.0.1:3000
- Network:       http://127.0.0.1:3000
✓ Ready in 674ms

○ Compiling /tribe ...
 GET /tribe 200 in 9.9s (next.js: 8.7s, application-code: 1250ms)
 GET /tribe 200 in 252ms (next.js: 34ms, application-code: 218ms)
 GET /tribe 200 in 101ms (next.js: 12ms, application-code: 89ms)
○ Compiling /profile/[travelerId] ...
 GET /profile/6a5526a46cbba9ffd7ede534 200 in 4.6s (next.js: 4.5s, application-code: 127ms)
 GET /tribe 200 in 147ms (next.js: 46ms, application-code: 101ms)
 GET /tribe 200 in 814ms (next.js: 458ms, application-code: 356ms)
 GET /tribe 200 in 121ms (next.js: 18ms, application-code: 103ms)
 GET /tribe 200 in 334ms (next.js: 139ms, application-code: 195ms)
 GET /tribe 200 in 82ms (next.js: 6ms, application-code: 76ms)
 GET /tribe 200 in 471ms (next.js: 218ms, application-code: 253ms)
 GET /tribe 200 in 598ms (next.js: 19ms, application-code: 579ms)
 GET /tribe 200 in 185ms (next.js: 21ms, application-code: 164ms)
 GET /tribe 200 in 214ms (next.js: 122ms, application-code: 92ms)
 GET /tribe 200 in 111ms (next.js: 5ms, application-code: 106ms)
 GET /tribe 200 in 116ms (next.js: 9ms, application-code: 106ms)
 GET /tribe 200 in 114ms (next.js: 10ms, application-code: 104ms)
 GET /tribe 200 in 86ms (next.js: 7ms, application-code: 79ms)
 GET /tribe 200 in 148ms (next.js: 12ms, application-code: 136ms)
 GET /tribe 200 in 89ms (next.js: 6ms, application-code: 82ms)
 GET /tribe 200 in 598ms (next.js: 10ms, application-code: 589ms)
 GET /tribe 200 in 194ms (next.js: 15ms, application-code: 179ms)
 GET /tribe 200 in 79ms (next.js: 16ms, application-code: 63ms)
 GET /tribe 200 in 57ms (next.js: 4ms, application-code: 53ms)
 GET /tribe 200 in 70ms (next.js: 9ms, application-code: 61ms)
 GET /tribe 200 in 536ms (next.js: 318ms, application-code: 218ms)
 GET /tribe 200 in 170ms (next.js: 13ms, application-code: 157ms)
 GET /tribe 200 in 384ms (next.js: 12ms, application-code: 371ms)
 GET /tribe 200 in 153ms (next.js: 13ms, application-code: 140ms)
 GET /tribe 500 in 9.2s (next.js: 5.2s, application-code: 4.0s)
 GET /tribe 200 in 1042ms (next.js: 321ms, application-code: 721ms)
 GET /tribe 200 in 92ms (next.js: 11ms, application-code: 81ms)
 GET /tribe 200 in 586ms (next.js: 4ms, application-code: 581ms)
 GET /tribe 200 in 827ms (next.js: 271ms, application-code: 556ms)
 GET /tribe 200 in 98ms (next.js: 20ms, application-code: 79ms)
 GET /tribe 200 in 273ms (next.js: 6ms, application-code: 267ms)
 GET /tribe 200 in 50ms (next.js: 5ms, application-code: 45ms)
 GET /tribe 200 in 109ms (next.js: 11ms, application-code: 98ms)
 GET /tribe 200 in 420ms (next.js: 294ms, application-code: 126ms)
 GET /tribe 200 in 66ms (next.js: 6ms, application-code: 59ms)
 GET /tribe 200 in 83ms (next.js: 4ms, application-code: 79ms)
 GET /tribe 200 in 68ms (next.js: 5ms, application-code: 63ms)
 GET /tribe 200 in 136ms (next.js: 5ms, application-code: 132ms)
 GET /tribe 200 in 138ms (next.js: 5ms, application-code: 133ms)
 GET /tribe 200 in 229ms (next.js: 12ms, application-code: 217ms)
 GET /tribe 200 in 389ms (next.js: 8ms, application-code: 381ms)
 GET /tribe 200 in 132ms (next.js: 15ms, application-code: 117ms)
 GET /tribe 200 in 260ms (next.js: 5ms, application-code: 255ms)
 GET /tribe 200 in 27ms (next.js: 3ms, application-code: 24ms)
 GET /tribe 200 in 24ms (next.js: 3ms, application-code: 20ms)
 GET /tribe 200 in 35ms (next.js: 4ms, application-code: 31ms)
 GET /tribe 200 in 32ms (next.js: 3ms, application-code: 29ms)
 GET /tribe 200 in 27ms (next.js: 3ms, application-code: 24ms)
 GET /tribe 200 in 27ms (next.js: 3ms, application-code: 24ms)
 GET /tribe 200 in 21ms (next.js: 3ms, application-code: 18ms)
 GET /tribe 200 in 23ms (next.js: 3ms, application-code: 19ms)
 GET /tribe 200 in 28ms (next.js: 3ms, application-code: 25ms)
 GET /tribe 200 in 25ms (next.js: 4ms, application-code: 21ms)
 GET /tribe 200 in 24ms (next.js: 3ms, application-code: 21ms)
 GET /tribe 200 in 33ms (next.js: 3ms, application-code: 30ms)
 GET /tribe 200 in 31ms (next.js: 3ms, application-code: 28ms)
 GET /tribe 200 in 25ms (next.js: 3ms, application-code: 22ms)
 GET /tribe 200 in 24ms (next.js: 3ms, application-code: 21ms)
 GET /tribe 200 in 27ms (next.js: 3ms, application-code: 24ms)
 GET /tribe 200 in 24ms (next.js: 3ms, application-code: 21ms)
 GET /tribe 200 in 25ms (next.js: 4ms, application-code: 21ms)
 GET /tribe 200 in 24ms (next.js: 2ms, application-code: 21ms)
 GET /tribe 200 in 24ms (next.js: 3ms, application-code: 20ms)
 GET /tribe 200 in 25ms (next.js: 3ms, application-code: 22ms)
 GET /tribe 200 in 20ms (next.js: 2ms, application-code: 18ms)
 GET /tribe 200 in 24ms (next.js: 2ms, application-code: 22ms)
 GET /tribe 200 in 22ms (next.js: 2ms, application-code: 20ms)
 GET /tribe 200 in 25ms (next.js: 3ms, application-code: 22ms)
 GET /tribe 200 in 24ms (next.js: 3ms, application-code: 21ms)
 GET /tribe 200 in 24ms (next.js: 3ms, application-code: 20ms)
 GET /tribe 200 in 25ms (next.js: 3ms, application-code: 22ms)
 GET /tribe 200 in 25ms (next.js: 3ms, application-code: 22ms)
 GET /tribe 200 in 48ms (next.js: 3ms, application-code: 45ms)
 GET /tribe 200 in 26ms (next.js: 3ms, application-code: 23ms)
 GET /tribe 200 in 21ms (next.js: 2ms, application-code: 19ms)
 GET /tribe 200 in 25ms (next.js: 3ms, application-code: 22ms)
 GET /tribe 200 in 26ms (next.js: 3ms, application-code: 23ms)
 GET /tribe 200 in 29ms (next.js: 3ms, application-code: 26ms)
 GET /tribe 200 in 33ms (next.js: 2ms, application-code: 30ms)
 GET /tribe 200 in 30ms (next.js: 3ms, application-code: 27ms)
 GET /tribe 200 in 25ms (next.js: 2ms, application-code: 22ms)
 GET /tribe 200 in 32ms (next.js: 3ms, application-code: 29ms)
 GET /tribe 200 in 22ms (next.js: 3ms, application-code: 19ms)
 GET /tribe 200 in 28ms (next.js: 3ms, application-code: 24ms)
 GET /tribe 200 in 23ms (next.js: 3ms, application-code: 20ms)
 GET /tribe 200 in 33ms (next.js: 3ms, application-code: 30ms)
 GET /tribe 200 in 27ms (next.js: 4ms, application-code: 22ms)
 GET /tribe 200 in 112ms (next.js: 10ms, application-code: 101ms)
○ Compiling / ...
 GET / 200 in 32.3s (next.js: 30.7s, application-code: 1654ms)
○ Compiling /explore ...
 GET /explore 200 in 7.7s (next.js: 7.4s, application-code: 299ms)
 GET /explore 200 in 145ms (next.js: 3ms, application-code: 142ms)
 GET /explore 200 in 76ms (next.js: 3ms, application-code: 73ms)
 GET /explore 200 in 214ms (next.js: 101ms, application-code: 113ms)
 GET /explore 200 in 171ms (next.js: 70ms, application-code: 101ms)
 GET /explore 200 in 152ms (next.js: 46ms, application-code: 106ms)
 GET /explore 200 in 418ms (next.js: 9ms, application-code: 409ms)
 GET /explore 200 in 77ms (next.js: 4ms, application-code: 73ms)
 GET /explore 200 in 376ms (next.js: 6ms, application-code: 370ms)
○ Compiling /_error ...
 GET /explore 500 in 6.7s (next.js: 6.6s, application-code: 103ms)
 GET /explore 200 in 169ms (next.js: 8ms, application-code: 161ms)
 GET /explore 200 in 1243ms (next.js: 269ms, application-code: 974ms)
 GET /explore 200 in 947ms (next.js: 5ms, application-code: 942ms)
 GET /explore 200 in 828ms (next.js: 421ms, application-code: 407ms)
 GET /explore 200 in 446ms (next.js: 186ms, application-code: 260ms)
 GET /explore 200 in 1113ms (next.js: 11ms, application-code: 1102ms)
 GET /explore 200 in 311ms (next.js: 5ms, application-code: 307ms)
 GET /explore 200 in 177ms (next.js: 6ms, application-code: 171ms)
 GET /explore 200 in 2.0s (next.js: 13ms, application-code: 2.0s)
 GET /explore 200 in 508ms (next.js: 239ms, application-code: 269ms)
 GET /explore 200 in 1313ms (next.js: 8ms, application-code: 1305ms)
 GET /explore 200 in 547ms (next.js: 17ms, application-code: 530ms)
 GET /explore 200 in 201ms (next.js: 8ms, application-code: 193ms)
 GET /explore 200 in 204ms (next.js: 22ms, application-code: 182ms)
 GET /explore 200 in 664ms (next.js: 353ms, application-code: 312ms)
 GET /explore 200 in 273ms (next.js: 88ms, application-code: 185ms)
 GET /explore 200 in 525ms (next.js: 4ms, application-code: 522ms)
 GET /explore 200 in 521ms (next.js: 20ms, application-code: 501ms)
 GET /explore 200 in 101ms (next.js: 5ms, application-code: 96ms)
 GET /explore/iceland 200 in 2.6s (next.js: 2.4s, application-code: 217ms)
 GET /explore/iceland 200 in 1015ms (next.js: 13ms, application-code: 1001ms)
 GET /explore/iceland 200 in 315ms (next.js: 5ms, application-code: 310ms)
 GET /explore/iceland 200 in 817ms (next.js: 371ms, application-code: 447ms)
 GET /explore/iceland 200 in 655ms (next.js: 327ms, application-code: 327ms)
 GET /explore/iceland 200 in 643ms (next.js: 323ms, application-code: 320ms)
 GET /explore/iceland 200 in 292ms (next.js: 98ms, application-code: 194ms)
 GET /explore/iceland 200 in 404ms (next.js: 191ms, application-code: 212ms)
 GET /explore/iceland 200 in 3.0s (next.js: 157ms, application-code: 2.8s)
 GET /explore/iceland 200 in 1404ms (next.js: 20ms, application-code: 1384ms)
 GET /explore/iceland 200 in 471ms (next.js: 161ms, application-code: 310ms)
 GET /explore/iceland 200 in 331ms (next.js: 108ms, application-code: 223ms)
 GET /explore/iceland 200 in 789ms (next.js: 123ms, application-code: 666ms)
 GET /explore/iceland 200 in 395ms (next.js: 124ms, application-code: 271ms)
 GET /explore/iceland 200 in 798ms (next.js: 391ms, application-code: 408ms)
 GET /explore/iceland 200 in 684ms (next.js: 123ms, application-code: 561ms)
 GET /explore/iceland 200 in 559ms (next.js: 183ms, application-code: 376ms)
 GET /explore/iceland 200 in 444ms (next.js: 169ms, application-code: 275ms)
 GET /explore/iceland 200 in 351ms (next.js: 123ms, application-code: 228ms)
 GET /explore/iceland 200 in 462ms (next.js: 188ms, application-code: 274ms)
 GET /explore/iceland 200 in 1738ms (next.js: 6ms, application-code: 1732ms)
 GET /explore/iceland 200 in 880ms (next.js: 4ms, application-code: 876ms)
 GET /explore/iceland 200 in 461ms (next.js: 225ms, application-code: 237ms)
 GET /explore/iceland 200 in 1036ms (next.js: 6ms, application-code: 1030ms)
 GET /explore/guatemala 200 in 5.2s (next.js: 3.2s, application-code: 1935ms)
 GET /explore/iceland 200 in 5.5s (next.js: 3.2s, application-code: 2.3s)
 GET /explore/iceland 200 in 246ms (next.js: 29ms, application-code: 217ms)
 GET /explore/iceland 200 in 369ms (next.js: 8ms, application-code: 361ms)
 GET /explore/iceland 200 in 167ms (next.js: 5ms, application-code: 161ms)
 GET /explore/iceland 200 in 315ms (next.js: 9ms, application-code: 306ms)
 GET /explore/iceland 200 in 768ms (next.js: 7ms, application-code: 761ms)
 GET /explore/iceland 200 in 198ms (next.js: 7ms, application-code: 191ms)
 GET /explore/iceland 200 in 188ms (next.js: 6ms, application-code: 182ms)
 GET /explore/iceland 200 in 76ms (next.js: 3ms, application-code: 72ms)
 GET /explore/iceland 200 in 896ms (next.js: 9ms, application-code: 888ms)
 GET /explore/iceland 200 in 252ms (next.js: 7ms, application-code: 245ms)
 GET /explore/iceland 200 in 448ms (next.js: 207ms, application-code: 242ms)
 GET /explore/iceland 200 in 1102ms (next.js: 8ms, application-code: 1094ms)
 GET /explore/iceland 200 in 795ms (next.js: 16ms, application-code: 779ms)
 GET /explore/iceland 200 in 623ms (next.js: 6ms, application-code: 618ms)
 GET /explore/iceland 200 in 582ms (next.js: 6ms, application-code: 576ms)
 GET /explore/iceland 200 in 328ms (next.js: 5ms, application-code: 322ms)
 GET /explore/iceland 200 in 1160ms (next.js: 339ms, application-code: 821ms)
 GET /explore/iceland 500 in 5.1s (next.js: 5.1s, application-code: 76ms)
 GET /explore/iceland 200 in 758ms (next.js: 7ms, application-code: 750ms)
 GET /explore/iceland 200 in 659ms (next.js: 10ms, application-code: 649ms)
 GET /explore/iceland 200 in 279ms (next.js: 6ms, application-code: 273ms)
 GET /explore/iceland 200 in 818ms (next.js: 16ms, application-code: 802ms)
 GET /explore/iceland 200 in 175ms (next.js: 5ms, application-code: 170ms)
 GET /explore/iceland 200 in 1455ms (next.js: 510ms, application-code: 945ms)
 GET /explore/iceland 200 in 197ms (next.js: 6ms, application-code: 192ms)
 GET /explore/iceland 200 in 1146ms (next.js: 7ms, application-code: 1139ms)
 GET /explore/iceland 200 in 271ms (next.js: 6ms, application-code: 265ms)
 GET /explore/iceland 200 in 966ms (next.js: 6ms, application-code: 961ms)
 GET /explore/guatemala 200 in 4.1s (next.js: 2.2s, application-code: 1924ms)
 GET /explore/iceland 200 in 630ms (next.js: 89ms, application-code: 541ms)
○ Compiling /explore/spain ...
 GET /explore/spain 200 in 5.3s (next.js: 3.9s, application-code: 1480ms)
 GET /explore/spain 200 in 383ms (next.js: 4ms, application-code: 379ms)
 GET /explore/iceland 200 in 414ms (next.js: 17ms, application-code: 397ms)
 GET /explore/guatemala 200 in 580ms (next.js: 32ms, application-code: 547ms)
 GET /explore/iceland 200 in 86ms (next.js: 4ms, application-code: 82ms)
 GET /explore/iceland 200 in 204ms (next.js: 7ms, application-code: 197ms)
 GET /explore 200 in 229ms (next.js: 37ms, application-code: 192ms)
 GET /explore/guatemala 200 in 3.9s (next.js: 88ms, application-code: 3.8s)
 GET /explore/guatemala 200 in 364ms (next.js: 3ms, application-code: 360ms)
 GET /explore/guatemala 200 in 78ms (next.js: 6ms, application-code: 73ms)
 GET /explore/guatemala 200 in 214ms (next.js: 6ms, application-code: 208ms)
 GET /explore/guatemala 200 in 94ms (next.js: 3ms, application-code: 91ms)
 GET /explore/guatemala 200 in 685ms (next.js: 7ms, application-code: 679ms)
 GET /explore/guatemala 200 in 91ms (next.js: 4ms, application-code: 87ms)
 GET /explore/guatemala 200 in 1464ms (next.js: 7ms, application-code: 1457ms)
 GET /explore/guatemala 200 in 216ms (next.js: 6ms, application-code: 211ms)
 GET /explore/guatemala 200 in 911ms (next.js: 6ms, application-code: 904ms)
 GET /explore/guatemala 200 in 333ms (next.js: 11ms, application-code: 322ms)
 GET /explore/guatemala 200 in 254ms (next.js: 13ms, application-code: 240ms)
 GET /explore/guatemala 200 in 204ms (next.js: 6ms, application-code: 198ms)
 GET /explore/guatemala 200 in 100ms (next.js: 3ms, application-code: 97ms)
 GET /explore/guatemala 200 in 148ms (next.js: 9ms, application-code: 139ms)
 GET /explore/guatemala 200 in 365ms (next.js: 21ms, application-code: 343ms)
 GET /explore/guatemala 200 in 163ms (next.js: 5ms, application-code: 158ms)
 GET /explore/guatemala 200 in 2.8s (next.js: 19ms, application-code: 2.8s)
 GET /explore/guatemala 200 in 1480ms (next.js: 10ms, application-code: 1470ms)
 GET /explore/guatemala 200 in 315ms (next.js: 10ms, application-code: 304ms)
 GET /explore/guatemala 200 in 1545ms (next.js: 11ms, application-code: 1534ms)
 GET /explore/guatemala 200 in 313ms (next.js: 20ms, application-code: 294ms)
 GET /explore/guatemala 200 in 1324ms (next.js: 9ms, application-code: 1315ms)
 GET /explore/guatemala 200 in 249ms (next.js: 9ms, application-code: 240ms)
 GET /explore/guatemala 200 in 355ms (next.js: 11ms, application-code: 344ms)
 GET /explore/guatemala 200 in 291ms (next.js: 8ms, application-code: 282ms)
 GET /explore/guatemala 200 in 1260ms (next.js: 17ms, application-code: 1244ms)
 GET /explore/guatemala 200 in 246ms (next.js: 12ms, application-code: 234ms)
 GET /explore/guatemala 200 in 1107ms (next.js: 17ms, application-code: 1090ms)
 GET /explore/guatemala 200 in 458ms (next.js: 11ms, application-code: 447ms)
 GET /explore/guatemala 200 in 1535ms (next.js: 18ms, application-code: 1517ms)
 GET /explore/guatemala 200 in 231ms (next.js: 10ms, application-code: 221ms)
 GET /explore/guatemala 200 in 278ms (next.js: 8ms, application-code: 271ms)
 GET /explore/guatemala 200 in 110ms (next.js: 4ms, application-code: 106ms)
 GET /explore/guatemala 200 in 915ms (next.js: 6ms, application-code: 908ms)
 GET /explore/guatemala 200 in 289ms (next.js: 14ms, application-code: 275ms)
 GET /explore/guatemala 200 in 1029ms (next.js: 13ms, application-code: 1017ms)
 GET /explore/guatemala 200 in 623ms (next.js: 17ms, application-code: 606ms)
 GET /explore/guatemala 200 in 415ms (next.js: 15ms, application-code: 400ms)
 GET /explore/guatemala 200 in 69ms (next.js: 4ms, application-code: 65ms)
 GET /explore/guatemala 200 in 197ms (next.js: 8ms, application-code: 190ms)
 GET /explore/guatemala 200 in 233ms (next.js: 6ms, application-code: 227ms)
 GET /explore/guatemala 200 in 778ms (next.js: 443ms, application-code: 334ms)
 GET /explore/guatemala 200 in 701ms (next.js: 314ms, application-code: 387ms)
 GET /explore/iceland 200 in 2.1s (next.js: 40ms, application-code: 2.1s)
 GET /explore/iceland 200 in 1114ms (next.js: 10ms, application-code: 1103ms)
 GET /explore/guatemala 200 in 531ms (next.js: 6ms, application-code: 525ms)
 GET /explore/guatemala 200 in 129ms (next.js: 4ms, application-code: 125ms)
 GET /explore/guatemala 200 in 215ms (next.js: 7ms, application-code: 208ms)
 GET /explore/guatemala 200 in 191ms (next.js: 6ms, application-code: 185ms)
○ Compiling /_error ...
 GET /explore/guatemala 500 in 5.5s (next.js: 5.4s, application-code: 86ms)
 GET /explore/guatemala 200 in 5.5s (next.js: 292ms, application-code: 5.2s)
 GET /explore/guatemala 200 in 4.9s (next.js: 13ms, application-code: 4.9s)
 GET /explore/guatemala 200 in 302ms (next.js: 5ms, application-code: 297ms)
 GET /explore/guatemala 200 in 437ms (next.js: 5ms, application-code: 432ms)
 GET /explore/guatemala 200 in 76ms (next.js: 2ms, application-code: 74ms)
 GET /explore/guatemala 200 in 227ms (next.js: 7ms, application-code: 221ms)
 GET /explore/guatemala 200 in 275ms (next.js: 13ms, application-code: 263ms)
 GET /explore/guatemala 200 in 848ms (next.js: 7ms, application-code: 842ms)
 GET /explore/guatemala 200 in 248ms (next.js: 6ms, application-code: 242ms)
 GET /explore/guatemala 200 in 1805ms (next.js: 7ms, application-code: 1799ms)
 GET /explore/guatemala 200 in 509ms (next.js: 10ms, application-code: 500ms)
 GET /explore/guatemala 200 in 333ms (next.js: 14ms, application-code: 319ms)
 GET /explore/guatemala 200 in 561ms (next.js: 8ms, application-code: 553ms)
 GET /explore/guatemala 200 in 2.8s (next.js: 10ms, application-code: 2.7s)
 GET /explore/guatemala 200 in 678ms (next.js: 9ms, application-code: 669ms)
 GET /explore/guatemala 200 in 878ms (next.js: 14ms, application-code: 864ms)
 GET /explore/guatemala 200 in 197ms (next.js: 8ms, application-code: 189ms)
 GET /explore/guatemala 200 in 522ms (next.js: 56ms, application-code: 466ms)
 GET /explore/guatemala 200 in 2.8s (next.js: 9ms, application-code: 2.8s)
 GET /explore/guatemala 200 in 1760ms (next.js: 21ms, application-code: 1739ms)
 GET /explore/guatemala 200 in 196ms (next.js: 6ms, application-code: 190ms)
 GET /explore/guatemala 200 in 231ms (next.js: 6ms, application-code: 225ms)
 GET /explore/guatemala 200 in 73ms (next.js: 3ms, application-code: 70ms)
 GET /explore/guatemala 200 in 581ms (next.js: 9ms, application-code: 571ms)
 GET /explore/guatemala 200 in 484ms (next.js: 5ms, application-code: 479ms)
 GET /explore/guatemala 200 in 62ms (next.js: 2ms, application-code: 60ms)
 GET /explore/guatemala 200 in 89ms (next.js: 4ms, application-code: 84ms)
 GET /explore/guatemala 200 in 262ms (next.js: 6ms, application-code: 255ms)
 GET /explore/guatemala 200 in 362ms (next.js: 8ms, application-code: 354ms)
 GET /explore/guatemala 200 in 243ms (next.js: 6ms, application-code: 237ms)
 GET /explore/guatemala 200 in 234ms (next.js: 6ms, application-code: 228ms)
 GET /explore/guatemala 200 in 817ms (next.js: 560ms, application-code: 257ms)
 GET /explore 200 in 1113ms (next.js: 31ms, application-code: 1081ms)
 GET /explore 200 in 544ms (next.js: 6ms, application-code: 539ms)
 GET /explore/guatemala 200 in 683ms (next.js: 284ms, application-code: 399ms)
 GET /explore 200 in 960ms (next.js: 38ms, application-code: 922ms)
 GET /explore/guatemala 200 in 239ms (next.js: 7ms, application-code: 232ms)
 GET /explore/guatemala 200 in 196ms (next.js: 22ms, application-code: 174ms)
 GET /explore/guatemala 500 in 4.4s (next.js: 4.3s, application-code: 66ms)
 GET /explore/guatemala 200 in 1621ms (next.js: 250ms, application-code: 1371ms)
 GET /explore/guatemala 200 in 1067ms (next.js: 5ms, application-code: 1062ms)
 GET /explore/guatemala 200 in 1461ms (next.js: 269ms, application-code: 1192ms)
 GET /explore/iceland 200 in 1919ms (next.js: 54ms, application-code: 1865ms)
 GET /explore/guatemala 200 in 995ms (next.js: 6ms, application-code: 989ms)
 GET /explore/guatemala 200 in 254ms (next.js: 26ms, application-code: 229ms)
 GET /explore/spain 200 in 3.1s (next.js: 2.1s, application-code: 950ms)
 GET /explore/guatemala 200 in 132ms (next.js: 4ms, application-code: 128ms)
 GET /explore/guatemala 200 in 208ms (next.js: 7ms, application-code: 201ms)
 GET /explore/guatemala 200 in 985ms (next.js: 6ms, application-code: 979ms)
 GET /explore/guatemala 200 in 173ms (next.js: 7ms, application-code: 166ms)
 GET /explore/guatemala 200 in 1195ms (next.js: 15ms, application-code: 1179ms)
 GET /explore/guatemala 200 in 283ms (next.js: 11ms, application-code: 272ms)
 GET /explore/guatemala 500 in 2.9s (next.js: 2.8s, application-code: 49ms)
 GET /explore/guatemala 200 in 670ms (next.js: 231ms, application-code: 439ms)
 GET /explore/guatemala 200 in 834ms (next.js: 7ms, application-code: 827ms)
 GET /explore/guatemala 200 in 171ms (next.js: 4ms, application-code: 167ms)
 GET /explore/guatemala 200 in 8.2s (next.js: 6ms, application-code: 8.2s)
 GET /explore/guatemala 200 in 439ms (next.js: 153ms, application-code: 286ms)
 GET /explore/guatemala 200 in 500ms (next.js: 149ms, application-code: 351ms)
 GET /explore/guatemala 200 in 504ms (next.js: 206ms, application-code: 298ms)
 GET /explore/guatemala 200 in 674ms (next.js: 7ms, application-code: 666ms)
 GET /explore/guatemala 200 in 239ms (next.js: 7ms, application-code: 232ms)
 GET /explore/guatemala 200 in 1225ms (next.js: 337ms, application-code: 889ms)
 GET /explore/guatemala 200 in 207ms (next.js: 6ms, application-code: 201ms)
 GET /explore/guatemala 200 in 336ms (next.js: 154ms, application-code: 182ms)
 GET /explore/guatemala 200 in 284ms (next.js: 100ms, application-code: 184ms)
 GET /explore/guatemala 200 in 267ms (next.js: 93ms, application-code: 175ms)
 GET /explore/guatemala 200 in 297ms (next.js: 99ms, application-code: 198ms)
 GET /explore/iceland 200 in 2.7s (next.js: 37ms, application-code: 2.7s)
 GET /explore/guatemala 200 in 867ms (next.js: 6ms, application-code: 861ms)
○ Compiling /explore/spain ...
 GET /explore/spain 200 in 22.4s (next.js: 20.5s, application-code: 1968ms)
 GET /explore/guatemala 200 in 2.8s (next.js: 40ms, application-code: 2.7s)
 GET /explore/guatemala 200 in 327ms (next.js: 12ms, application-code: 315ms)
 GET /explore/guatemala 200 in 596ms (next.js: 17ms, application-code: 579ms)
 GET /explore/guatemala 200 in 469ms (next.js: 5ms, application-code: 464ms)
 GET /explore/guatemala 200 in 848ms (next.js: 7ms, application-code: 841ms)
 GET /explore/guatemala 200 in 232ms (next.js: 6ms, application-code: 226ms)
 GET /explore/guatemala 200 in 705ms (next.js: 7ms, application-code: 697ms)
 GET /explore/guatemala 200 in 211ms (next.js: 8ms, application-code: 203ms)
 GET /explore/guatemala 200 in 2.5s (next.js: 27ms, application-code: 2.5s)
 GET /explore/guatemala 200 in 993ms (next.js: 7ms, application-code: 986ms)
 GET /explore/guatemala 200 in 2.2s (next.js: 28ms, application-code: 2.2s)
 GET /explore/guatemala 200 in 222ms (next.js: 8ms, application-code: 214ms)
 GET /explore/guatemala 200 in 768ms (next.js: 6ms, application-code: 763ms)
 GET /explore/guatemala 200 in 197ms (next.js: 5ms, application-code: 192ms)
 GET /explore/guatemala 200 in 965ms (next.js: 8ms, application-code: 957ms)
 GET /explore/guatemala 200 in 197ms (next.js: 8ms, application-code: 189ms)
 GET /explore/guatemala 200 in 1782ms (next.js: 301ms, application-code: 1480ms)
 GET /explore/guatemala 200 in 201ms (next.js: 6ms, application-code: 195ms)
 GET /explore/guatemala 200 in 604ms (next.js: 205ms, application-code: 398ms)
 GET /explore/guatemala 200 in 645ms (next.js: 148ms, application-code: 497ms)
 GET /explore/guatemala 200 in 731ms (next.js: 7ms, application-code: 724ms)
 GET /explore/guatemala 200 in 175ms (next.js: 10ms, application-code: 165ms)
 GET /explore/guatemala 200 in 1070ms (next.js: 7ms, application-code: 1063ms)
 GET /explore/guatemala 200 in 201ms (next.js: 6ms, application-code: 194ms)
 GET /explore/iceland 200 in 2.7s (next.js: 27ms, application-code: 2.7s)
 GET /explore/guatemala 200 in 825ms (next.js: 4ms, application-code: 821ms)
○ Compiling /explore/spain ...
 GET /explore/guatemala 200 in 259ms (next.js: 43ms, application-code: 216ms)
 GET /explore/spain 200 in 6.9s (next.js: 5.4s, application-code: 1465ms)
 GET /explore/guatemala 200 in 183ms (next.js: 8ms, application-code: 175ms)
 GET /explore/guatemala 200 in 133ms (next.js: 5ms, application-code: 128ms)
 GET /explore/guatemala 200 in 1333ms (next.js: 6ms, application-code: 1327ms)
 GET /explore/guatemala 200 in 199ms (next.js: 6ms, application-code: 193ms)
 GET /explore/guatemala 200 in 1594ms (next.js: 6ms, application-code: 1588ms)
 GET /explore/guatemala 200 in 394ms (next.js: 13ms, application-code: 381ms)
 GET /explore/guatemala 200 in 753ms (next.js: 8ms, application-code: 746ms)
 GET /explore/guatemala 200 in 179ms (next.js: 6ms, application-code: 173ms)
 GET /explore/guatemala 200 in 3.3s (next.js: 25ms, application-code: 3.3s)
 GET /explore/guatemala 200 in 198ms (next.js: 8ms, application-code: 191ms)
 GET /explore/guatemala 200 in 1314ms (next.js: 6ms, application-code: 1308ms)
 GET /explore/guatemala 200 in 246ms (next.js: 8ms, application-code: 238ms)
 GET /explore/guatemala 200 in 896ms (next.js: 6ms, application-code: 890ms)
 GET /explore/guatemala 200 in 277ms (next.js: 5ms, application-code: 271ms)
 GET /explore/guatemala 200 in 1478ms (next.js: 6ms, application-code: 1472ms)
 GET /explore/guatemala 200 in 203ms (next.js: 6ms, application-code: 197ms)
 GET /explore/guatemala 200 in 1432ms (next.js: 365ms, application-code: 1067ms)
 GET /explore/guatemala 200 in 186ms (next.js: 6ms, application-code: 180ms)
 GET /explore/guatemala 200 in 520ms (next.js: 150ms, application-code: 370ms)
 GET /explore/guatemala 200 in 347ms (next.js: 134ms, application-code: 213ms)
 GET /explore/guatemala 200 in 390ms (next.js: 150ms, application-code: 240ms)
 GET /explore/guatemala 200 in 621ms (next.js: 6ms, application-code: 615ms)
 GET /explore/guatemala 200 in 242ms (next.js: 8ms, application-code: 234ms)
 GET /explore/guatemala 200 in 1375ms (next.js: 7ms, application-code: 1368ms)
 GET /explore/guatemala 200 in 177ms (next.js: 6ms, application-code: 171ms)
 GET /explore/iceland 200 in 2.2s (next.js: 295ms, application-code: 1940ms)
 GET /explore/guatemala 200 in 900ms (next.js: 5ms, application-code: 895ms)
○ Compiling /explore/spain ...
 GET /explore/spain 200 in 19.0s (next.js: 17.0s, application-code: 2.1s)
 GET /explore/guatemala 200 in 4.0s (next.js: 263ms, application-code: 3.8s)
 GET /explore/guatemala 200 in 1805ms (next.js: 12ms, application-code: 1793ms)
 GET /explore/guatemala 200 in 225ms (next.js: 19ms, application-code: 206ms)
 GET /explore/guatemala 200 in 249ms (next.js: 6ms, application-code: 244ms)
 GET /explore/guatemala 200 in 89ms (next.js: 4ms, application-code: 85ms)
 GET /explore/guatemala 200 in 1575ms (next.js: 7ms, application-code: 1567ms)
 GET /explore/guatemala 200 in 263ms (next.js: 7ms, application-code: 255ms)
 GET /explore/guatemala 200 in 1501ms (next.js: 502ms, application-code: 998ms)
 GET /explore/guatemala 200 in 219ms (next.js: 6ms, application-code: 213ms)
 GET /explore/guatemala 200 in 1522ms (next.js: 7ms, application-code: 1515ms)
 GET /explore/guatemala 200 in 232ms (next.js: 6ms, application-code: 225ms)
 GET /explore/guatemala 200 in 1319ms (next.js: 6ms, application-code: 1313ms)
 GET /explore/guatemala 200 in 326ms (next.js: 11ms, application-code: 314ms)
 GET /explore/guatemala 200 in 648ms (next.js: 6ms, application-code: 642ms)
 GET /explore/guatemala 200 in 178ms (next.js: 6ms, application-code: 172ms)
 GET /explore/guatemala 200 in 2.2s (next.js: 7ms, application-code: 2.2s)
 GET /explore/guatemala 200 in 942ms (next.js: 13ms, application-code: 929ms)
 GET /explore/guatemala 200 in 856ms (next.js: 5ms, application-code: 851ms)
 GET /explore/guatemala 200 in 194ms (next.js: 6ms, application-code: 188ms)
 GET /explore/guatemala 200 in 1343ms (next.js: 7ms, application-code: 1336ms)
 GET /explore/guatemala 200 in 358ms (next.js: 11ms, application-code: 347ms)
 GET /explore/guatemala 200 in 623ms (next.js: 134ms, application-code: 489ms)
 GET /explore/iceland 200 in 1980ms (next.js: 52ms, application-code: 1928ms)
 GET /explore/guatemala 200 in 1357ms (next.js: 6ms, application-code: 1351ms)
○ Compiling /explore/spain ...
 GET /explore/spain 200 in 13.7s (next.js: 11.9s, application-code: 1880ms)
 GET /explore/guatemala 200 in 2.5s (next.js: 26ms, application-code: 2.5s)
 GET /explore/guatemala 200 in 397ms (next.js: 13ms, application-code: 383ms)
 GET /explore/guatemala 200 in 400ms (next.js: 4ms, application-code: 396ms)
 GET /explore/guatemala 200 in 78ms (next.js: 5ms, application-code: 74ms)
 GET /explore/guatemala 200 in 1072ms (next.js: 33ms, application-code: 1040ms)
 GET /explore/guatemala 200 in 1106ms (next.js: 7ms, application-code: 1099ms)
 GET /explore/guatemala 200 in 280ms (next.js: 11ms, application-code: 268ms)
 GET /explore/guatemala 200 in 1578ms (next.js: 7ms, application-code: 1571ms)
 GET /explore/guatemala 200 in 785ms (next.js: 12ms, application-code: 773ms)
 GET /explore/guatemala 200 in 3.0s (next.js: 5ms, application-code: 3.0s)
 GET /explore/guatemala 200 in 356ms (next.js: 9ms, application-code: 347ms)
 GET /explore/guatemala 200 in 2.3s (next.js: 7ms, application-code: 2.2s)
 GET /explore/guatemala 200 in 485ms (next.js: 18ms, application-code: 467ms)
 GET /explore/guatemala 200 in 4.2s (next.js: 14ms, application-code: 4.2s)
 GET /explore/guatemala 200 in 2.2s (next.js: 76ms, application-code: 2.1s)
 GET /explore/guatemala 500 in 3.3s (next.js: 3.3s, application-code: 54ms)
 GET /explore/guatemala 200 in 608ms (next.js: 190ms, application-code: 418ms)
 GET /explore/guatemala 200 in 7.6s (next.js: 4ms, application-code: 7.6s)
 GET /explore/guatemala 200 in 213ms (next.js: 14ms, application-code: 199ms)
