⨯ SyntaxError: Unexpected end of JSON input
    at JSON.parse (<anonymous>) {
  page: '/tribe'
}
⚠ Fast Refresh had to perform a full reload. Read more: https://nextjs.org/docs/messages/fast-refresh-reload
⨯ upstream image response failed for https://images.unsplash.com/photo-1519897523434-c427ca917d93?auto=format&fit=crop&w=700&q=82 404
[browser] Detected `scroll-behavior: smooth` on the `<html>` element. To disable smooth scrolling during route transitions, add `data-scroll-behavior="smooth"` to your <html> element. Learn more: https://nextjs.org/docs/messages/missing-data-scroll-behavior
[browser] Image with src "https://images.unsplash.com/photo-1504829857797-ddff29c27927?auto=format&fit=crop&w=1800&q=88" was detected as the Largest Contentful Paint (LCP). Please add the `loading="eager"` property if this image is above the fold.
Read more: https://nextjs.org/docs/app/api-reference/components/image#loading
⨯ SyntaxError: Unexpected end of JSON input
    at JSON.parse (<anonymous>) {
  page: '/explore'
}
[browser] Detected `scroll-behavior: smooth` on the `<html>` element. To disable smooth scrolling during route transitions, add `data-scroll-behavior="smooth"` to your <html> element. Learn more: https://nextjs.org/docs/messages/missing-data-scroll-behavior
⚠ Fast Refresh had to perform a full reload due to a runtime error.
⨯ SyntaxError: Unexpected end of JSON input
    at JSON.parse (<anonymous>) {
  page: '/explore/iceland'
}
[browser] Detected `scroll-behavior: smooth` on the `<html>` element. To disable smooth scrolling during route transitions, add `data-scroll-behavior="smooth"` to your <html> element. Learn more: https://nextjs.org/docs/messages/missing-data-scroll-behavior
⨯ SyntaxError: Unexpected end of JSON input
    at JSON.parse (<anonymous>) {
  page: '/explore/guatemala'
}
⨯ SyntaxError: Unexpected end of JSON input
    at JSON.parse (<anonymous>) {
  page: '/explore/guatemala'
}
⨯ SyntaxError: Unexpected end of JSON input
    at JSON.parse (<anonymous>) {
  page: '/explore/guatemala'
}
⨯ upstream image response failed for https://images.unsplash.com/photo-1577736547133-2d92f088dcb7?auto=format&fit=crop&w=1800&q=85 404
⨯ upstream image response failed for https://images.unsplash.com/photo-1577736547133-2d92f088dcb7?auto=format&fit=crop&w=900&q=84 404
⨯ SyntaxError: Unexpected end of JSON input
    at JSON.parse (<anonymous>) {
  page: '/explore/guatemala'
}
⨯ upstream image response failed for https://images.unsplash.com/photo-1577736547133-2d92f088dcb7?auto=format&fit=crop&w=1800&q=85 404
