
> covoyage@0.1.0 dev
> next dev --webpack --hostname 127.0.0.1 --port 3000

▲ Next.js 16.2.6 (webpack)
- Local:         http://127.0.0.1:3000
- Network:       http://127.0.0.1:3000
✓ Ready in 23.1s

○ Compiling /tribe ...
 GET /tribe 200 in 50s (next.js: 49s, application-code: 1503ms)
 GET /tribe 200 in 259ms (next.js: 165ms, application-code: 94ms)
 GET /tribe 200 in 76ms (next.js: 6ms, application-code: 70ms)
 GET /tribe 200 in 59ms (next.js: 6ms, application-code: 52ms)
 GET /tribe 200 in 53ms (next.js: 6ms, application-code: 47ms)
 GET /tribe 200 in 68ms (next.js: 7ms, application-code: 61ms)
 GET /tribe 200 in 61ms (next.js: 7ms, application-code: 54ms)
 GET /tribe 200 in 57ms (next.js: 5ms, application-code: 52ms)
 GET /tribe 200 in 64ms (next.js: 6ms, application-code: 58ms)
 GET /tribe 200 in 64ms (next.js: 5ms, application-code: 59ms)
 GET /tribe 200 in 83ms (next.js: 5ms, application-code: 78ms)
 GET /tribe 200 in 71ms (next.js: 5ms, application-code: 66ms)
 GET /tribe 200 in 72ms (next.js: 4ms, application-code: 68ms)
 GET /tribe 200 in 62ms (next.js: 5ms, application-code: 56ms)
 GET /tribe 200 in 71ms (next.js: 4ms, application-code: 66ms)
 GET /tribe 200 in 67ms (next.js: 5ms, application-code: 62ms)
